// Jest Snapshot v1, https://goo.gl/fbAQLP

exports[`Badge should render correctly 1`] = `
<div
  className="Badge white sm"
>
  
</div>
`;
