// Jest Snapshot v1, https://goo.gl/fbAQLP

exports[`Navigation should render the default Navigation correctly 1`] = `
<nav
  className="sc-bdVaJa igpFTH Navigation horizontal"
  orientation="horizontal"
>
  <ul />
</nav>
`;
