// Jest Snapshot v1, https://goo.gl/fbAQLP

exports[`PhoneNumberInput tests should matched values in snapshot 1`] = `
<div
  className="Input TextInput block"
  id={null}
>
  
  <input
    autoComplete={null}
    className="TextInput__input"
    disabled={null}
    max={null}
    maxLength={null}
    min={null}
    name="prop name field"
    onBlur={[Function]}
    onChange={[MockFunction]}
    onClick={[Function]}
    onFocus={[Function]}
    placeholder=""
    type="tel"
    value=""
  />
  
</div>
`;
