// Jest Snapshot v1, https://goo.gl/fbAQLP

exports[`Separator should render correctly 1`] = `
<div
  className="Separator"
/>
`;
