// Jest Snapshot v1, https://goo.gl/fbAQLP

exports[`MultiSelectInput should render correctly (with inputError) 1`] = `
<div
  className="Input MultiSelectInput block has-error"
  id={null}
>
  
  <div
    className="MultiSelectInput__input css-2b097c-container"
    onKeyDown={[Function]}
  >
    <div
      className=" css-1n4pbi4"
      onMouseDown={[Function]}
      onTouchEnd={[Function]}
    >
      <div
        className=" css-1hmthh9"
      >
        <div
          className=" css-1wa3eu0-placeholder"
        >
          Select...
        </div>
        <div
          className="css-1g6gooi"
        >
          <div
            className=""
            style={
              Object {
                "display": "inline-block",
              }
            }
          >
            <input
              aria-autocomplete="list"
              autoCapitalize="none"
              autoComplete="off"
              autoCorrect="off"
              disabled={false}
              id="react-select-5-input"
              onBlur={[Function]}
              onChange={[Function]}
              onFocus={[Function]}
              spellCheck="false"
              style={
                Object {
                  "background": 0,
                  "border": 0,
                  "boxSizing": "content-box",
                  "color": "inherit",
                  "fontSize": "inherit",
                  "label": "input",
                  "opacity": 1,
                  "outline": 0,
                  "padding": 0,
                  "width": "1px",
                }
              }
              tabIndex="0"
              type="text"
              value=""
            />
            <div
              style={
                Object {
                  "height": 0,
                  "left": 0,
                  "overflow": "scroll",
                  "position": "absolute",
                  "top": 0,
                  "visibility": "hidden",
                  "whiteSpace": "pre",
                }
              }
            >
              
            </div>
          </div>
        </div>
      </div>
      <div
        className=" css-1wy0on6"
      >
        <span
          className=" css-1hyfx7x"
        />
        <div
          aria-hidden="true"
          className=" css-1c73l9k"
          onMouseDown={[Function]}
          onTouchEnd={[Function]}
        >
          <svg
            aria-hidden="true"
            className="css-19bqh2r"
            focusable="false"
            height={20}
            viewBox="0 0 20 20"
            width={20}
          >
            <path
              d="M4.516 7.548c0.436-0.446 1.043-0.481 1.576 0l3.908 3.747 3.908-3.747c0.533-0.481 1.141-0.446 1.574 0 0.436 0.445 0.408 1.197 0 1.615-0.406 0.418-4.695 4.502-4.695 4.502-0.217 0.223-0.502 0.335-0.787 0.335s-0.57-0.112-0.789-0.335c0 0-4.287-4.084-4.695-4.502s-0.436-1.17 0-1.615z"
            />
          </svg>
        </div>
      </div>
    </div>
    <div>
      <input
        name="multi-select-input-name"
        type="hidden"
      />
    </div>
  </div>
  <span
    className="sc-bwzfXH bZudyR InputError"
  >
    error-sample
  </span>
</div>
`;

exports[`MultiSelectInput should render correctly (with label and required *) 1`] = `
<div
  className="Input MultiSelectInput block"
  id={null}
>
  <label
    className="sc-bdVaJa iThGRf InputLabel"
    htmlFor={null}
    id={null}
  >
    multi-select-input-label
    *
  </label>
  <div
    className="MultiSelectInput__input css-2b097c-container"
    onKeyDown={[Function]}
  >
    <div
      className=" css-1n4pbi4"
      onMouseDown={[Function]}
      onTouchEnd={[Function]}
    >
      <div
        className=" css-1hmthh9"
      >
        <div
          className=" css-1wa3eu0-placeholder"
        >
          Select...
        </div>
        <div
          className="css-1g6gooi"
        >
          <div
            className=""
            style={
              Object {
                "display": "inline-block",
              }
            }
          >
            <input
              aria-autocomplete="list"
              autoCapitalize="none"
              autoComplete="off"
              autoCorrect="off"
              disabled={false}
              id="react-select-4-input"
              onBlur={[Function]}
              onChange={[Function]}
              onFocus={[Function]}
              spellCheck="false"
              style={
                Object {
                  "background": 0,
                  "border": 0,
                  "boxSizing": "content-box",
                  "color": "inherit",
                  "fontSize": "inherit",
                  "label": "input",
                  "opacity": 1,
                  "outline": 0,
                  "padding": 0,
                  "width": "1px",
                }
              }
              tabIndex="0"
              type="text"
              value=""
            />
            <div
              style={
                Object {
                  "height": 0,
                  "left": 0,
                  "overflow": "scroll",
                  "position": "absolute",
                  "top": 0,
                  "visibility": "hidden",
                  "whiteSpace": "pre",
                }
              }
            >
              
            </div>
          </div>
        </div>
      </div>
      <div
        className=" css-1wy0on6"
      >
        <span
          className=" css-1hyfx7x"
        />
        <div
          aria-hidden="true"
          className=" css-1c73l9k"
          onMouseDown={[Function]}
          onTouchEnd={[Function]}
        >
          <svg
            aria-hidden="true"
            className="css-19bqh2r"
            focusable="false"
            height={20}
            viewBox="0 0 20 20"
            width={20}
          >
            <path
              d="M4.516 7.548c0.436-0.446 1.043-0.481 1.576 0l3.908 3.747 3.908-3.747c0.533-0.481 1.141-0.446 1.574 0 0.436 0.445 0.408 1.197 0 1.615-0.406 0.418-4.695 4.502-4.695 4.502-0.217 0.223-0.502 0.335-0.787 0.335s-0.57-0.112-0.789-0.335c0 0-4.287-4.084-4.695-4.502s-0.436-1.17 0-1.615z"
            />
          </svg>
        </div>
      </div>
    </div>
    <div>
      <input
        name="multi-select-input-name"
        type="hidden"
      />
    </div>
  </div>
  
</div>
`;

exports[`MultiSelectInput should render correctly (with label) 1`] = `
<div
  className="Input MultiSelectInput block"
  id={null}
>
  <label
    className="sc-bdVaJa iThGRf InputLabel"
    htmlFor={null}
    id={null}
  >
    multi-select-input-label
  </label>
  <div
    className="MultiSelectInput__input css-2b097c-container"
    onKeyDown={[Function]}
  >
    <div
      className=" css-1n4pbi4"
      onMouseDown={[Function]}
      onTouchEnd={[Function]}
    >
      <div
        className=" css-1hmthh9"
      >
        <div
          className=" css-1wa3eu0-placeholder"
        >
          Select...
        </div>
        <div
          className="css-1g6gooi"
        >
          <div
            className=""
            style={
              Object {
                "display": "inline-block",
              }
            }
          >
            <input
              aria-autocomplete="list"
              autoCapitalize="none"
              autoComplete="off"
              autoCorrect="off"
              disabled={false}
              id="react-select-3-input"
              onBlur={[Function]}
              onChange={[Function]}
              onFocus={[Function]}
              spellCheck="false"
              style={
                Object {
                  "background": 0,
                  "border": 0,
                  "boxSizing": "content-box",
                  "color": "inherit",
                  "fontSize": "inherit",
                  "label": "input",
                  "opacity": 1,
                  "outline": 0,
                  "padding": 0,
                  "width": "1px",
                }
              }
              tabIndex="0"
              type="text"
              value=""
            />
            <div
              style={
                Object {
                  "height": 0,
                  "left": 0,
                  "overflow": "scroll",
                  "position": "absolute",
                  "top": 0,
                  "visibility": "hidden",
                  "whiteSpace": "pre",
                }
              }
            >
              
            </div>
          </div>
        </div>
      </div>
      <div
        className=" css-1wy0on6"
      >
        <span
          className=" css-1hyfx7x"
        />
        <div
          aria-hidden="true"
          className=" css-1c73l9k"
          onMouseDown={[Function]}
          onTouchEnd={[Function]}
        >
          <svg
            aria-hidden="true"
            className="css-19bqh2r"
            focusable="false"
            height={20}
            viewBox="0 0 20 20"
            width={20}
          >
            <path
              d="M4.516 7.548c0.436-0.446 1.043-0.481 1.576 0l3.908 3.747 3.908-3.747c0.533-0.481 1.141-0.446 1.574 0 0.436 0.445 0.408 1.197 0 1.615-0.406 0.418-4.695 4.502-4.695 4.502-0.217 0.223-0.502 0.335-0.787 0.335s-0.57-0.112-0.789-0.335c0 0-4.287-4.084-4.695-4.502s-0.436-1.17 0-1.615z"
            />
          </svg>
        </div>
      </div>
    </div>
    <div>
      <input
        name="multi-select-input-name"
        type="hidden"
      />
    </div>
  </div>
  
</div>
`;

exports[`MultiSelectInput should render correctly (without label) 1`] = `
<div
  className="Input MultiSelectInput block"
  id={null}
>
  
  <div
    className="MultiSelectInput__input css-2b097c-container"
    onKeyDown={[Function]}
  >
    <div
      className=" css-1n4pbi4"
      onMouseDown={[Function]}
      onTouchEnd={[Function]}
    >
      <div
        className=" css-1hmthh9"
      >
        <div
          className=" css-1wa3eu0-placeholder"
        >
          Select...
        </div>
        <div
          className="css-1g6gooi"
        >
          <div
            className=""
            style={
              Object {
                "display": "inline-block",
              }
            }
          >
            <input
              aria-autocomplete="list"
              autoCapitalize="none"
              autoComplete="off"
              autoCorrect="off"
              disabled={false}
              id="react-select-2-input"
              onBlur={[Function]}
              onChange={[Function]}
              onFocus={[Function]}
              spellCheck="false"
              style={
                Object {
                  "background": 0,
                  "border": 0,
                  "boxSizing": "content-box",
                  "color": "inherit",
                  "fontSize": "inherit",
                  "label": "input",
                  "opacity": 1,
                  "outline": 0,
                  "padding": 0,
                  "width": "1px",
                }
              }
              tabIndex="0"
              type="text"
              value=""
            />
            <div
              style={
                Object {
                  "height": 0,
                  "left": 0,
                  "overflow": "scroll",
                  "position": "absolute",
                  "top": 0,
                  "visibility": "hidden",
                  "whiteSpace": "pre",
                }
              }
            >
              
            </div>
          </div>
        </div>
      </div>
      <div
        className=" css-1wy0on6"
      >
        <span
          className=" css-1hyfx7x"
        />
        <div
          aria-hidden="true"
          className=" css-1c73l9k"
          onMouseDown={[Function]}
          onTouchEnd={[Function]}
        >
          <svg
            aria-hidden="true"
            className="css-19bqh2r"
            focusable="false"
            height={20}
            viewBox="0 0 20 20"
            width={20}
          >
            <path
              d="M4.516 7.548c0.436-0.446 1.043-0.481 1.576 0l3.908 3.747 3.908-3.747c0.533-0.481 1.141-0.446 1.574 0 0.436 0.445 0.408 1.197 0 1.615-0.406 0.418-4.695 4.502-4.695 4.502-0.217 0.223-0.502 0.335-0.787 0.335s-0.57-0.112-0.789-0.335c0 0-4.287-4.084-4.695-4.502s-0.436-1.17 0-1.615z"
            />
          </svg>
        </div>
      </div>
    </div>
    <div>
      <input
        name="multi-select-input-name"
        type="hidden"
      />
    </div>
  </div>
  
</div>
`;
