// Jest Snapshot v1, https://goo.gl/fbAQLP

exports[`Spinner tests should render and matched values in snapshot 1`] = `
<div
  className="Spinner"
  style={
    Object {
      "height": 500,
    }
  }
>
  <img
    alt="spinner icon"
    src="data:image/svg+xml;base64,PHN2ZyB2ZXJzaW9uPSIxLjEiIGlkPSJCSjdsM1ZvLUh0TSIgeG1sbnM9Imh0dHA6Ly93d3cudzMub3JnLzIwMDAvc3ZnIiB4bWxuczp4bGluaz0iaHR0cDovL3d3dy53My5vcmcvMTk5OS94bGluayIgeD0iMHB4IiB5PSIwcHgiIHZpZXdCb3g9IjAgMCA0OC4xIDY3LjQiIHN0eWxlPSJlbmFibGUtYmFja2dyb3VuZDpuZXcgMCAwIDQ4LjEgNjcuNDsiPiAgICA8c3R5bGUgdHlwZT0idGV4dC9jc3MiPiAgICAgICAgQC13ZWJraXQta2V5ZnJhbWVzIEgxUHgyRW9acktNX0FuaW1hdGlvbnswJXtvcGFjaXR5OiAwLjM7fTI1JXtvcGFjaXR5OiAxO303NSV7b3BhY2l0eTogMTt9MTAwJXtvcGFjaXR5OiAwLjM7fX1Aa2V5ZnJhbWVzIEgxUHgyRW9acktNX0FuaW1hdGlvbnswJXtvcGFjaXR5OiAwLjM7fTI1JXtvcGFjaXR5OiAxO303NSV7b3BhY2l0eTogMTt9MTAwJXtvcGFjaXR5OiAwLjM7fX1ALXdlYmtpdC1rZXlmcmFtZXMgUzE4ZzNWamJIS0dfQW5pbWF0aW9uezAle29wYWNpdHk6IDAuMzt9MjUle29wYWNpdHk6IDE7fTc1JXtvcGFjaXR5OiAxO30xMDAle29wYWNpdHk6IDAuMzt9fUBrZXlmcmFtZXMgUzE4ZzNWamJIS0dfQW5pbWF0aW9uezAle29wYWNpdHk6IDAuMzt9MjUle29wYWNpdHk6IDE7fTc1JXtvcGFjaXR5OiAxO30xMDAle29wYWNpdHk6IDAuMzt9fUAtd2Via2l0LWtleWZyYW1lcyBTeUJsbk5zLUhZR19BbmltYXRpb257MCV7b3BhY2l0eTogMC4zO30yNSV7b3BhY2l0eTogMTt9NzUle29wYWNpdHk6IDE7fTEwMCV7b3BhY2l0eTogMC4zO319QGtleWZyYW1lcyBTeUJsbk5zLUhZR19BbmltYXRpb257MCV7b3BhY2l0eTogMC4zO30yNSV7b3BhY2l0eTogMTt9NzUle29wYWNpdHk6IDE7fTEwMCV7b3BhY2l0eTogMC4zO319QC13ZWJraXQta2V5ZnJhbWVzIEJrVmwzVnNaSEt6X0FuaW1hdGlvbnswJXtvcGFjaXR5OiAwLjM7fTI1JXtvcGFjaXR5OiAxO303NSV7b3BhY2l0eTogMTt9MTAwJXtvcGFjaXR5OiAwLjM7fX1Aa2V5ZnJhbWVzIEJrVmwzVnNaSEt6X0FuaW1hdGlvbnswJXtvcGFjaXR5OiAwLjM7fTI1JXtvcGFjaXR5OiAxO303NSV7b3BhY2l0eTogMTt9MTAwJXtvcGFjaXR5OiAwLjM7fX0jQko3bDNWby1IdE0gKnstd2Via2l0LWFuaW1hdGlvbi1kdXJhdGlvbjogMnM7YW5pbWF0aW9uLWR1cmF0aW9uOiAyczstd2Via2l0LWFuaW1hdGlvbi1pdGVyYXRpb24tY291bnQ6IGluZmluaXRlO2FuaW1hdGlvbi1pdGVyYXRpb24tY291bnQ6IGluZmluaXRlOy13ZWJraXQtYW5pbWF0aW9uLXRpbWluZy1mdW5jdGlvbjogY3ViaWMtYmV6aWVyKDAsIDAsIDEsIDEpO2FuaW1hdGlvbi10aW1pbmctZnVuY3Rpb246IGN1YmljLWJlemllcigwLCAwLCAxLCAxKTt0cmFuc2Zvcm0tYm94OiBmaWxsLWJveDstd2Via2l0LXRyYW5zZm9ybS1vcmlnaW46IDUwJSA1MCU7dHJhbnNmb3JtLW9yaWdpbjogNTAlIDUwJTt9I0JrVmwzVnNaSEt6e2ZpbGw6ICMwMDk1YjM7LXdlYmtpdC1hbmltYXRpb24tbmFtZTogQmtWbDNWc1pIS3pfQW5pbWF0aW9uO2FuaW1hdGlvbi1uYW1lOiBCa1ZsM1ZzWkhLel9BbmltYXRpb247LXdlYmtpdC10cmFuc2Zvcm0tb3JpZ2luOiB1bmRlZmluZWQ7dHJhbnNmb3JtLW9yaWdpbjogdW5kZWZpbmVkO30jU3lCbG5Ocy1IWUd7ZmlsbDogIzAwOTViMzstd2Via2l0LWFuaW1hdGlvbi1uYW1lOiBTeUJsbk5zLUhZR19BbmltYXRpb247YW5pbWF0aW9uLW5hbWU6IFN5QmxuTnMtSFlHX0FuaW1hdGlvbjstd2Via2l0LXRyYW5zZm9ybS1vcmlnaW46IHVuZGVmaW5lZDt0cmFuc2Zvcm0tb3JpZ2luOiB1bmRlZmluZWQ7fSNTMThnM1ZqYkhLR3tmaWxsOiAjMDA5NWIzOy13ZWJraXQtYW5pbWF0aW9uLW5hbWU6IFMxOGczVmpiSEtHX0FuaW1hdGlvbjthbmltYXRpb24tbmFtZTogUzE4ZzNWamJIS0dfQW5pbWF0aW9uOy13ZWJraXQtdHJhbnNmb3JtLW9yaWdpbjogdW5kZWZpbmVkO3RyYW5zZm9ybS1vcmlnaW46IHVuZGVmaW5lZDt9I0gxUHgyRW9acktNe2ZpbGw6ICMwMDk1YjM7LXdlYmtpdC1hbmltYXRpb24tbmFtZTogSDFQeDJFb1pyS01fQW5pbWF0aW9uO2FuaW1hdGlvbi1uYW1lOiBIMVB4MkVvWnJLTV9BbmltYXRpb247LXdlYmtpdC10cmFuc2Zvcm0tb3JpZ2luOiB1bmRlZmluZWQ7dHJhbnNmb3JtLW9yaWdpbjogdW5kZWZpbmVkO30gICAgPC9zdHlsZT4gICAgPHBhdGggZD0iTTM0LjcsMjIuNWM1LjUsMCw5LjMtNCw5LjMtOS42YzAtNC42LTIuOS05LjYtOS4zLTkuNmMtNi40LDAtOS4zLDUtOS4zLDkuNkMyNS41LDE4LjYsMjkuMiwyMi41LDM0LjcsMjIuNSYjMTA7JiM5O0wzNC43LDIyLjV6IE0zNC43LDcuMWMzLjMsMCw1LjEsMi4xLDUuMSw1LjhjMCwzLjctMS44LDUuOC01LjEsNS44Yy0zLjMsMC01LjEtMi4xLTUuMS01LjhDMjkuNyw5LjIsMzEuNSw3LjEsMzQuNyw3LjFMMzQuNyw3LjF6IiBpZD0iQmtWbDNWc1pIS3oiLz4gICAgPHBvbHlnb24gcG9pbnRzPSI3LjIsMjQgNy4yLDYwLjggMTEuNiw2MC44IDExLjYsMzUuNCAyNC43LDQ4LjcgMjcuNSw0NS44IDcuMiwyNCAiIGlkPSJTeUJsbk5zLUhZRyIvPiAgICA8cGF0aCBkPSJNMTQuMywyMi41YzMsMCw1LjgtMS40LDcuNi0zLjhsMC4xLTAuMmwtMy4xLTIuNWwtMC4xLDAuMmMtMC45LDEuMy0yLjgsMi4zLTQuNCwyLjNjLTMuMSwwLTQuOS0yLTQuOS01LjcmIzEwOyYjOTtjMC0yLjYsMC44LTUuNyw0LjktNS43YzEuNiwwLDMuNSwxLDQuNCwyLjNsMC4xLDAuMkwyMiw3LjJMMjEuOCw3Yy0xLjctMi40LTQuNC0zLjctNy42LTMuN2MtNS41LDAtOSwzLjctOSw5LjYmIzEwOyYjOTtDNS4zLDIwLDEwLDIyLjUsMTQuMywyMi41TDE0LjMsMjIuNXoiIGlkPSJTMThnM1ZqYkhLRyIvPiAgICA8cG9seWdvbiBwb2ludHM9IjI2LjMsNDAuOSAyOS4yLDQ0IDM3LjYsMzUuNCAzNy42LDYwLjggNDIsNjAuOCA0MiwyNCAyNi4zLDQwLjkgIiBpZD0iSDFQeDJFb1pyS00iLz48L3N2Zz4="
  />
</div>
`;
