// Jest Snapshot v1, https://goo.gl/fbAQLP

exports[`DropdownMenu should render correctly 1`] = `
<div
  className="DropdownMenu sc-htpNat jgCLMM"
>
  <nav
    className="Navigation vertical sc-bdVaJa eeaaGT"
    orientation="vertical"
  >
    <ul />
  </nav>
</div>
`;
