// Jest Snapshot v1, https://goo.gl/fbAQLP

exports[`Breadcrumbs should render breadcrumbs correctly 1`] = `
<section
  className="Breadcrumbs sc-bdVaJa fiviaV"
>
  <ul>
    <li>
      Item 1
    </li>
    <li>
      &gt;
    </li>
    <li>
      Item 2
    </li>
  </ul>
</section>
`;
