// Jest Snapshot v1, https://goo.gl/fbAQLP

exports[`InputError should render correctly 1`] = `
<span
  className="InputError"
>
  Testing InputError
</span>
`;
